// Jest Snapshot v1, https://goo.gl/fbAQLP

exports[`tests MovieDetails should render component 1`] = `
<div>
  <div
    className="field-value alone"
    title="1 mars 2000 en salle / 3 h 09 min / Fantastique"
  >
    1 mars 2000 en salle / 3 h 09 min / Fantastique
  </div>
  <div
    className="field-label"
  >
    Par
  </div>
  <div
    className="field-value"
    data-testid="Par"
    title="Frank Darabont, Stephen King"
  >
    Frank Darabont, Stephen King
  </div>
  <div
    className="field-label"
  >
    Avec
  </div>
  <div
    className="field-value"
    data-testid="Avec"
    title="Tom Hanks, Michael Clarke Duncan, David Morse"
  >
    Tom Hanks, Michael Clarke Duncan, David Morse
  </div>
  <div
    className="field-label"
  >
    Synopsis
  </div>
  <div
    className="field-value"
    data-testid="Synopsis"
    title="Paul Edgecomb, pensionnaire centenaire d'une maison de retraite, est hanté par ses souvenirs. Gardien-chef du pénitencier de Cold Mountain en 1935, il était chargé de veiller au bon déroulement des exécutions capitales en s’efforçant d'adoucir les derniers moments des condamnés. Parmi eux se trouvait un colosse du nom de John Coffey, accusé du viol et du meurtre de deux fillettes. Intrigué par cet homme candide et timide aux dons magiques, Edgecomb va tisser avec lui des liens très forts."
  >
    Paul Edgecomb, pensionnaire centenaire d'une maison de retraite, est hanté par ses souvenirs. Gardien-chef du pénitencier de Cold Mountain en 1935, il était chargé de veiller au bon déroulement des exécutions capitales en s’efforçant d'adoucir les derniers moments des condamnés. Parmi eux se trouvait un colosse du nom de John Coffey, accusé du viol et du meurtre de deux fillettes. Intrigué par cet homme candide et timide aux dons magiques, Edgecomb va tisser avec lui des liens très forts.
  </div>
  <div
    className="field-value alone"
    title="Interdit aux moins de 12 ans"
  >
    Interdit aux moins de 12 ans
  </div>
  <div
    className="vote-label"
  >
    Spectateurs
  </div>
  <div
    className="Stars"
    style={
      Object {
        "--fill": "#33CCCC",
        "--size": "20px",
        "--spacing": "2px",
        "--stars": 4.6,
      }
    }
  />
</div>
`;
